// Jest Snapshot v1, https://goo.gl/fbAQLP

exports[`loading error 1`] = `
<div>
  MyLoadingComponent 
  {"isLoading":true,"pastDelay":false,"error":null}
</div>
`;

exports[`loading error 2`] = `
<div>
  MyLoadingComponent 
  {"isLoading":true,"pastDelay":true,"error":null}
</div>
`;

exports[`loading error 3`] = `
<div>
  MyLoadingComponent 
  {"isLoading":false,"pastDelay":false,"error":{}}
</div>
`;

exports[`loading success 1`] = `
<div>
  MyLoadingComponent 
  {"isLoading":true,"pastDelay":false,"error":null}
</div>
`;

exports[`loading success 2`] = `
<div>
  MyLoadingComponent 
  {"isLoading":true,"pastDelay":true,"error":null}
</div>
`;

exports[`loading success 3`] = `
<div>
  MyComponent 
  {"prop":"foo"}
</div>
`;

exports[`loading success 4`] = `
<div>
  MyComponent 
  {"prop":"bar"}
</div>
`;

exports[`preload 1`] = `
<div>
  MyLoadingComponent 
  {"isLoading":true,"pastDelay":false,"error":null}
</div>
`;

exports[`preload 2`] = `
<div>
  MyComponent 
  {"prop":"baz"}
</div>
`;

exports[`preload 3`] = `
<div>
  MyComponent 
  {"prop":"baz"}
</div>
`;

exports[`server side rendering 1`] = `
<div>
  fixture1
</div>
`;

exports[`server side rendering es6 1`] = `
<div>
  fixture2
</div>
`;

exports[`syntax error serverside 1`] = `
<div>
  MyLoadingComponent 
  {"isLoading":false,"pastDelay":false,"error":{"pos":55,"loc":{"line":2,"column":23},"_babel":true,"codeFrame":"\\u001b[0m \\u001b[90m 1 | \\u001b[39m\\u001b[90m// Intentional type in function\\u001b[39m\\n\\u001b[31m\\u001b[1m&gt;\\u001b[22m\\u001b[39m\\u001b[90m 2 | \\u001b[39m\\u001b[36mexport\\u001b[39m \\u001b[36mdefault\\u001b[39m funtion \\u001b[33mComponent\\u001b[39m() {\\n \\u001b[90m   | \\u001b[39m                       \\u001b[31m\\u001b[1m^\\u001b[22m\\u001b[39m\\n \\u001b[90m 3 | \\u001b[39m  \\u001b[36mreturn\\u001b[39m \\u001b[33m&lt;\\u001b[39m\\u001b[33mdiv\\u001b[39m \\u001b[33m/\\u001b[39m\\u001b[33m&gt;\\u001b[39m\\u001b[33m;\\u001b[39m\\n \\u001b[90m 4 | \\u001b[39m}\\n \\u001b[90m 5 | \\u001b[39m\\u001b[0m"}}
</div>
`;
